// Jest Snapshot v1, https://goo.gl/fbAQLP

exports[`displays text 1`] = `
<div>
  <div
    class="css-1qkjgjc"
  >
    <p
      class="chakra-text css-1olzugq"
    >
      Maybe List
    </p>
    <p
      class="chakra-text css-542elh"
    >
      A todo app that deletes items if they haven't been completed in 24 hours.
    </p>
  </div>
</div>
`;
